2026-06-02T01:51:56.760002943Z [inf]  Starting Container
2026-06-02T01:52:01.009193225Z [err]  INFO  [alembic.runtime.migration] Context impl PostgresqlImpl.
2026-06-02T01:52:01.009199431Z [err]  INFO  [alembic.runtime.migration] Will assume transactional DDL.
2026-06-02T01:52:02.307476415Z [inf]  Seeding the database...
2026-06-02T01:52:02.715132582Z [err]  Traceback (most recent call last):
2026-06-02T01:52:02.715141403Z [err]    File "/app/scripts/seed_hsk.py", line 8, in <module>
2026-06-02T01:52:02.715147142Z [err]      from app.database import AsyncSessionLocal, create_tables
2026-06-02T01:52:02.715152200Z [err]  ModuleNotFoundError: No module named 'app'
2026-06-02T01:52:03.636742073Z [inf]  DATABASE_URL is configured. Running migrations.
2026-06-02T01:52:03.636791995Z [inf]  Starting Hanzi API on 0.0.0.0:8080
2026-06-02T01:52:07.869801055Z [err]  INFO  [alembic.runtime.migration] Context impl PostgresqlImpl.
2026-06-02T01:52:07.869803962Z [err]  INFO  [alembic.runtime.migration] Will assume transactional DDL.
2026-06-02T01:52:09.158142093Z [inf]  Seeding the database...
2026-06-02T01:52:09.676213150Z [err]  Traceback (most recent call last):
2026-06-02T01:52:09.676215670Z [err]    File "/app/scripts/seed_hsk.py", line 8, in <module>
2026-06-02T01:52:09.676219262Z [err]      from app.database import AsyncSessionLocal, create_tables
2026-06-02T01:52:09.676221864Z [err]  ModuleNotFoundError: No module named 'app'
2026-06-02T01:52:10.239434449Z [inf]  Starting Hanzi API on 0.0.0.0:8080
2026-06-02T01:52:10.239438721Z [inf]  DATABASE_URL is configured. Running migrations.
2026-06-02T01:52:14.721350402Z [err]  INFO  [alembic.runtime.migration] Context impl PostgresqlImpl.
2026-06-02T01:52:14.721353242Z [err]  INFO  [alembic.runtime.migration] Will assume transactional DDL.
2026-06-02T01:52:15.916879041Z [inf]  Seeding the database...
2026-06-02T01:52:16.335970756Z [err]  Traceback (most recent call last):
2026-06-02T01:52:16.335975390Z [err]    File "/app/scripts/seed_hsk.py", line 8, in <module>
2026-06-02T01:52:16.335981548Z [err]      from app.database import AsyncSessionLocal, create_tables
2026-06-02T01:52:16.335984469Z [err]  ModuleNotFoundError: No module named 'app'
2026-06-02T01:52:17.020712261Z [inf]  Starting Hanzi API on 0.0.0.0:8080
2026-06-02T01:52:17.020714870Z [inf]  DATABASE_URL is configured. Running migrations.
2026-06-02T01:52:21.704044108Z [err]  INFO  [alembic.runtime.migration] Context impl PostgresqlImpl.
2026-06-02T01:52:21.704047292Z [err]  INFO  [alembic.runtime.migration] Will assume transactional DDL.
2026-06-02T01:52:22.720228554Z [inf]  Seeding the database...
2026-06-02T01:52:23.132432222Z [err]  Traceback (most recent call last):
2026-06-02T01:52:23.132439747Z [err]    File "/app/scripts/seed_hsk.py", line 8, in <module>
2026-06-02T01:52:23.132444235Z [err]      from app.database import AsyncSessionLocal, create_tables
2026-06-02T01:52:23.132447940Z [err]  ModuleNotFoundError: No module named 'app'