2026-06-02T01:51:01.705609553Z [inf]  scheduling build on Metal builder "builder-emkgde"
2026-06-02T01:51:08.312486828Z [inf]  unpacking archive
2026-06-02T01:51:08.504519268Z [inf]  [internal] load build definition from backend/Dockerfile
2026-06-02T01:51:08.504767311Z [inf]  [internal] load build definition from backend/Dockerfile
2026-06-02T01:51:08.504993269Z [inf]  [internal] load build definition from backend/Dockerfile
2026-06-02T01:51:08.823128772Z [inf]  [internal] load build definition from backend/Dockerfile
2026-06-02T01:51:08.868272790Z [inf]  [internal] load metadata for docker.io/library/python:3.12-slim
2026-06-02T01:51:09.375205802Z [inf]  uploading snapshot
2026-06-02T01:51:09.483410765Z [inf]  [internal] load metadata for docker.io/library/python:3.12-slim
2026-06-02T01:51:09.484145217Z [inf]  [internal] load .dockerignore
2026-06-02T01:51:09.484477044Z [inf]  [internal] load .dockerignore
2026-06-02T01:51:09.484485117Z [inf]  [internal] load .dockerignore
2026-06-02T01:51:11.372223372Z [inf]  [internal] load .dockerignore
2026-06-02T01:51:11.408488014Z [inf]  [9/9] COPY seed ./seed
2026-06-02T01:51:11.408491670Z [inf]  [8/9] COPY scripts ./scripts
2026-06-02T01:51:11.408497248Z [inf]  [7/9] COPY app ./app
2026-06-02T01:51:11.408498440Z [inf]  [6/9] COPY migrations ./migrations
2026-06-02T01:51:11.408499442Z [inf]  [5/9] COPY alembic.ini .
2026-06-02T01:51:11.408500373Z [inf]  [4/9] RUN pip install --no-cache-dir -r requirements.txt
2026-06-02T01:51:11.408501405Z [inf]  [3/9] COPY requirements.txt .
2026-06-02T01:51:11.408502456Z [inf]  [internal] load build context
2026-06-02T01:51:11.408503337Z [inf]  [2/9] WORKDIR /app
2026-06-02T01:51:11.408504459Z [inf]  [1/9] FROM docker.io/library/python:3.12-slim@sha256:090ba77e2958f6af52a5341f788b50b032dd4ca28377d2893dcf1ecbdfdfe203
2026-06-02T01:51:11.408534704Z [inf]  [1/9] FROM docker.io/library/python:3.12-slim@sha256:090ba77e2958f6af52a5341f788b50b032dd4ca28377d2893dcf1ecbdfdfe203
2026-06-02T01:51:11.408692411Z [inf]  [internal] load build context
2026-06-02T01:51:11.408978270Z [inf]  [internal] load build context
2026-06-02T01:51:11.442246929Z [inf]  [1/9] FROM docker.io/library/python:3.12-slim@sha256:090ba77e2958f6af52a5341f788b50b032dd4ca28377d2893dcf1ecbdfdfe203
2026-06-02T01:51:11.442837164Z [inf]  [1/9] FROM docker.io/library/python:3.12-slim@sha256:090ba77e2958f6af52a5341f788b50b032dd4ca28377d2893dcf1ecbdfdfe203
2026-06-02T01:51:11.442943804Z [inf]  [1/9] FROM docker.io/library/python:3.12-slim@sha256:090ba77e2958f6af52a5341f788b50b032dd4ca28377d2893dcf1ecbdfdfe203
2026-06-02T01:51:12.318767682Z [inf]  [internal] load build context
2026-06-02T01:51:13.402302721Z [inf]  [2/9] WORKDIR /app
2026-06-02T01:51:13.402304945Z [inf]  [3/9] COPY requirements.txt .
2026-06-02T01:51:13.402305966Z [inf]  [4/9] RUN pip install --no-cache-dir -r requirements.txt
2026-06-02T01:51:13.402306928Z [inf]  [5/9] COPY alembic.ini .
2026-06-02T01:51:13.402308009Z [inf]  [6/9] COPY migrations ./migrations
2026-06-02T01:51:13.402308951Z [inf]  [7/9] COPY app ./app
2026-06-02T01:51:13.402335110Z [inf]  [8/9] COPY scripts ./scripts
2026-06-02T01:51:27.928155913Z [inf]  [8/9] COPY scripts ./scripts
2026-06-02T01:51:28.847027064Z [inf]  [9/9] COPY seed ./seed
2026-06-02T01:51:32.330151787Z [inf]  [9/9] COPY seed ./seed
2026-06-02T01:51:32.365519694Z [inf]  exporting to docker image format
2026-06-02T01:51:39.370275494Z [inf]  exporting to docker image format
2026-06-02T01:51:43.940043799Z [inf]  containerimage.config.digest: sha256:1df90e4a3d40093d282cbe74869a387a00df33ee956177f5b6ef3dd908df4e4b
2026-06-02T01:51:43.940046913Z [inf]  containerimage.digest: sha256:c92cdb94aafd15d964113c3b3eebd93dc553e1480ebbac55172396c06313c756
2026-06-02T01:51:43.940049267Z [inf]  containerimage.descriptor: eyJtZWRpYVR5cGUiOiJhcHBsaWNhdGlvbi92bmQub2NpLmltYWdlLm1hbmlmZXN0LnYxK2pzb24iLCJkaWdlc3QiOiJzaGEyNTY6YzkyY2RiOTRhYWZkMTVkOTY0MTEzYzNiM2VlYmQ5M2RjNTUzZTE0ODBlYmJhYzU1MTcyMzk2YzA2MzEzYzc1NiIsInNpemUiOjI1NzEsImFubm90YXRpb25zIjp7Im9yZy5vcGVuY29udGFpbmVycy5pbWFnZS5jcmVhdGVkIjoiMjAyNi0wNi0wMlQwMTo1MTozOFoifSwicGxhdGZvcm0iOnsiYXJjaGl0ZWN0dXJlIjoiYW1kNjQiLCJvcyI6ImxpbnV4In19
2026-06-02T01:51:51.823300761Z [inf]  image push
2026-06-02T01:51:56.903337716Z [inf]  
2026-06-02T01:51:56.903341807Z [inf]  [35m====================
Starting Healthcheck
====================
[0m
2026-06-02T01:51:56.903343470Z [inf]  [37mPath: /[0m
2026-06-02T01:51:56.903344010Z [inf]  [37mRetry window: 5m0s[0m
2026-06-02T01:51:56.903344614Z [inf]  
2026-06-02T01:52:06.972040725Z [inf]  [93mAttempt #1 failed with service unavailable. Continuing to retry for 4m49s[0m
2026-06-02T01:52:18.011361322Z [inf]  [93mAttempt #2 failed with service unavailable. Continuing to retry for 4m38s[0m
2026-06-02T01:52:30.063211336Z [inf]  [93mAttempt #3 failed with service unavailable. Continuing to retry for 4m26s[0m
2026-06-02T01:52:44.358366525Z [inf]  [93mAttempt #4 failed with service unavailable. Continuing to retry for 4m12s[0m
2026-06-02T01:53:02.398012439Z [inf]  [93mAttempt #5 failed with service unavailable. Continuing to retry for 3m54s[0m
2026-06-02T01:53:28.450087871Z [inf]  [93mAttempt #6 failed with service unavailable. Continuing to retry for 3m28s[0m
2026-06-02T01:54:08.493342763Z [inf]  [93mAttempt #7 failed with service unavailable. Continuing to retry for 2m48s[0m
2026-06-02T01:54:48.536532360Z [inf]  [93mAttempt #8 failed with service unavailable. Continuing to retry for 2m8s[0m
2026-06-02T01:55:28.782382194Z [inf]  [93mAttempt #9 failed with service unavailable. Continuing to retry for 1m28s[0m
2026-06-02T01:56:08.824914698Z [inf]  [93mAttempt #10 failed with service unavailable. Continuing to retry for 48s[0m
2026-06-02T01:56:48.875538510Z [inf]  [93mAttempt #11 failed with service unavailable. Continuing to retry for 8s[0m
2026-06-02T01:56:48.928184749Z [inf]  
2026-06-02T01:56:48.928188506Z [inf]  [91m1/1 replicas never became healthy![0m
2026-06-02T01:56:48.928189757Z [inf]  [91mHealthcheck failed![0m