2026-05-31T07:47:02.201286652Z [inf]  scheduling build on Metal builder "builder-emkgde"
2026-05-31T07:47:04.260575251Z [inf]  unpacking archive
2026-05-31T07:47:04.467853804Z [inf]  [internal] load build definition from backend/Dockerfile
2026-05-31T07:47:04.468037599Z [inf]  [internal] load build definition from backend/Dockerfile
2026-05-31T07:47:04.468361545Z [inf]  [internal] load build definition from backend/Dockerfile
2026-05-31T07:47:04.588471551Z [inf]  [internal] load build definition from backend/Dockerfile
2026-05-31T07:47:04.605689361Z [inf]  [internal] load metadata for docker.io/library/python:3.12-slim
2026-05-31T07:47:04.648891146Z [inf]  uploading snapshot
2026-05-31T07:47:04.776824804Z [inf]  [internal] load metadata for docker.io/library/python:3.12-slim
2026-05-31T07:47:04.777220457Z [inf]  [internal] load .dockerignore
2026-05-31T07:47:04.777361479Z [inf]  [internal] load .dockerignore
2026-05-31T07:47:04.777530312Z [inf]  [internal] load .dockerignore
2026-05-31T07:47:04.939706270Z [inf]  [internal] load .dockerignore
2026-05-31T07:47:05.012127882Z [inf]  [9/9] COPY seed ./seed
2026-05-31T07:47:05.012129505Z [inf]  [8/9] COPY scripts ./scripts
2026-05-31T07:47:05.012129916Z [inf]  [7/9] COPY app ./app
2026-05-31T07:47:05.012130266Z [inf]  [6/9] COPY migrations ./migrations
2026-05-31T07:47:05.012130597Z [inf]  [5/9] COPY alembic.ini .
2026-05-31T07:47:05.012130807Z [inf]  [4/9] RUN pip install --no-cache-dir -r requirements.txt
2026-05-31T07:47:05.012131037Z [inf]  [3/9] COPY requirements.txt .
2026-05-31T07:47:05.012131258Z [inf]  [internal] load build context
2026-05-31T07:47:05.012131498Z [inf]  [2/9] WORKDIR /app
2026-05-31T07:47:05.012131718Z [inf]  [1/9] FROM docker.io/library/python:3.12-slim@sha256:090ba77e2958f6af52a5341f788b50b032dd4ca28377d2893dcf1ecbdfdfe203
2026-05-31T07:47:05.012519339Z [inf]  [1/9] FROM docker.io/library/python:3.12-slim@sha256:090ba77e2958f6af52a5341f788b50b032dd4ca28377d2893dcf1ecbdfdfe203
2026-05-31T07:47:05.012521252Z [inf]  [internal] load build context
2026-05-31T07:47:05.012521883Z [inf]  [internal] load build context
2026-05-31T07:47:05.033535475Z [inf]  [1/9] FROM docker.io/library/python:3.12-slim@sha256:090ba77e2958f6af52a5341f788b50b032dd4ca28377d2893dcf1ecbdfdfe203
2026-05-31T07:47:05.033916116Z [inf]  [1/9] FROM docker.io/library/python:3.12-slim@sha256:090ba77e2958f6af52a5341f788b50b032dd4ca28377d2893dcf1ecbdfdfe203
2026-05-31T07:47:05.033961784Z [inf]  [1/9] FROM docker.io/library/python:3.12-slim@sha256:090ba77e2958f6af52a5341f788b50b032dd4ca28377d2893dcf1ecbdfdfe203
2026-05-31T07:47:05.244283501Z [inf]  [internal] load build context
2026-05-31T07:47:05.374579241Z [inf]  [2/9] WORKDIR /app
2026-05-31T07:47:05.374581024Z [inf]  [3/9] COPY requirements.txt .
2026-05-31T07:47:05.374581735Z [inf]  [4/9] RUN pip install --no-cache-dir -r requirements.txt
2026-05-31T07:47:05.374582266Z [inf]  [5/9] COPY alembic.ini .
2026-05-31T07:47:05.374582827Z [inf]  [6/9] COPY migrations ./migrations
2026-05-31T07:47:05.374587474Z [inf]  [7/9] COPY app ./app
2026-05-31T07:47:05.697327742Z [inf]  [7/9] COPY app ./app
2026-05-31T07:47:05.716386602Z [inf]  [8/9] COPY scripts ./scripts
2026-05-31T07:47:06.168204555Z [inf]  [8/9] COPY scripts ./scripts
2026-05-31T07:47:06.189153770Z [inf]  [9/9] COPY seed ./seed
2026-05-31T07:47:06.353259051Z [inf]  [9/9] COPY seed ./seed
2026-05-31T07:47:06.375962877Z [inf]  exporting to docker image format
2026-05-31T07:47:06.942768404Z [inf]  exporting to docker image format
2026-05-31T07:47:07.101234338Z [inf]  containerimage.descriptor: eyJtZWRpYVR5cGUiOiJhcHBsaWNhdGlvbi92bmQub2NpLmltYWdlLm1hbmlmZXN0LnYxK2pzb24iLCJkaWdlc3QiOiJzaGEyNTY6NGM3OTU3ZDY0MmNhZmNmNTFjMGNiMjRlYzQ3YjdjYmM1ZTcwMTRiYzcwOWEzNzU0MjFjNGU2MmYxNDA4YjJkOCIsInNpemUiOjI1NzAsImFubm90YXRpb25zIjp7Im9yZy5vcGVuY29udGFpbmVycy5pbWFnZS5jcmVhdGVkIjoiMjAyNi0wNS0zMVQwNzo0NzowNloifSwicGxhdGZvcm0iOnsiYXJjaGl0ZWN0dXJlIjoiYW1kNjQiLCJvcyI6ImxpbnV4In19
2026-05-31T07:47:07.101238985Z [inf]  containerimage.config.digest: sha256:6434e4399e62bf3973e069b1619f08b0634e5bb897ec56ece61bcf5711724cc7
2026-05-31T07:47:07.101242180Z [inf]  containerimage.digest: sha256:4c7957d642cafcf51c0cb24ec47b7cbc5e7014bc709a375421c4e62f1408b2d8
2026-05-31T07:47:16.487953159Z [inf]  image push
2026-05-31T07:47:22.436956077Z [inf]  
2026-05-31T07:47:22.436958222Z [inf]  [35m====================
Starting Healthcheck
====================
[0m
2026-05-31T07:47:22.436958618Z [inf]  [37mPath: /[0m
2026-05-31T07:47:22.436959077Z [inf]  [37mRetry window: 5m0s[0m
2026-05-31T07:47:22.436959692Z [inf]  
2026-05-31T07:47:32.492575799Z [inf]  [93mAttempt #1 failed with service unavailable. Continuing to retry for 4m49s[0m
2026-05-31T07:47:43.521435031Z [inf]  [93mAttempt #2 failed with service unavailable. Continuing to retry for 4m38s[0m
2026-05-31T07:47:55.551984436Z [inf]  [93mAttempt #3 failed with service unavailable. Continuing to retry for 4m26s[0m
2026-05-31T07:48:09.580068119Z [inf]  [93mAttempt #4 failed with service unavailable. Continuing to retry for 4m12s[0m
2026-05-31T07:48:27.611611591Z [inf]  [93mAttempt #5 failed with service unavailable. Continuing to retry for 3m54s[0m
2026-05-31T07:48:53.640963922Z [inf]  [93mAttempt #6 failed with service unavailable. Continuing to retry for 3m28s[0m
2026-05-31T07:49:33.669949493Z [inf]  [93mAttempt #7 failed with service unavailable. Continuing to retry for 2m48s[0m
2026-05-31T07:50:13.718130763Z [inf]  [93mAttempt #8 failed with service unavailable. Continuing to retry for 2m8s[0m
2026-05-31T07:50:53.749676207Z [inf]  [93mAttempt #9 failed with service unavailable. Continuing to retry for 1m28s[0m
2026-05-31T07:51:33.786053736Z [inf]  [93mAttempt #10 failed with service unavailable. Continuing to retry for 48s[0m
2026-05-31T07:52:13.815106277Z [inf]  [93mAttempt #11 failed with service unavailable. Continuing to retry for 8s[0m
2026-05-31T07:52:13.857435086Z [inf]  
2026-05-31T07:52:13.857438388Z [inf]  [91m1/1 replicas never became healthy![0m
2026-05-31T07:52:13.857438920Z [inf]  [91mHealthcheck failed![0m